Prime Minister 
First Lord of the Treasury and Minister for the Civil Service
Lord President of the Council
Deputy Prime Minister
First Secretary of State
First Secretary of State, Secretary of State for Foreign and Commonwealth Affairs 
Secretary of State for Foreign and Commonwealth Affairs
Senior Minister of State for Foreign and Commonwealth Office
Parliamentary Under-Secretary of State for Work and Pensions
Chancellor
The Minister for Local Government 
Minister of State for Foreign and Commonwealth Office
Minister of State (Trade and Investment)
Minister of State, Trade and Investment
Parliamentary Under Secretary of State
Parliamentary Under-Secretary of State
Parliamentary Under-Secretary of State for Foreign and Commonwealth Affairs
Parliamentary Under Secretary of State for Trade and Investment
Chancellor of the Exchequer 
Chief Secretary to the Treasury
Minister for Local Government
Minister for Equality
Financial Secretary 
Exchequer Secretary
Economic Secretary 
Commercial Secretary 
Secretary of State for the Home Department 
Minister of State (Immigration)
Minister of State for Immigration
Minister of State for Policing
Minister of State (Policing)
Minister of State for the Home Department
Parliamentary Under Secretary of State for the Home Department
Parliamentary Under-Secretary of State for the Home Department
Secretary of State for Defence
Minister of State for Defence
Parliamentary Under Secretary of State, Defence
Parliamentary Under Secretary of State for Defence
Parliamentary Under-Secretary of State for Defence
Secretary of State for Business, Innovation and Skills, and President of the Board of Trade 
Minister for Universities and Science
Minister of State (Trade and Investment) 
Secretary of State for Business, Innovation and Skills
Secretary of State for Work and Pensions 
Minister of State for Work and Pensions
Minister of State, Work and Pensions
Parliamentary Under Secretary of State (Welfare Reform)
Parliamentary Under-Secretary of State (Welfare Reform)
Lord Chancellor, Secretary of State for Justice 
Lord Chancellor
Secretary of State for Justice 
Minister of State for Justice
Parliamentary Under Secretary of State for Justice
Parliamentary Under Secretary of State, Justice
Parliamentary Under-Secretary of State for Justice
Parliamentary Under-Secretary of State, Justice
Secretary of State for Education 
Minister of State for Education
Parliamentary Under Secretary of State Education
Parliamentary Under Secretary of State for Education
Parliamentary Under-Secretary of State for Education
Parliamentary Under-Secretary of State, Education
Minister for Europe
Minister for the Middle East
Minister for Trade
Deputy Minister for Women and Equality
Minister for Policing, Security and Community Safety
Secretary of State for Communities and Local Government 
Senior Minister of State (Faith and Communities)
Minister of State  (Housing)
Parliamentary Under Secretary of State, Planning
Parliamentary Under-Secretary of State for Planning
Parliamentary Under-Secretary of State (Planning)
Parliamentary Under Secretary of State for Planning
Parliamentary Under Secretary of State (Planning)
Parliamentary Under Secretary of State for Quality, NHS Constitution, primary care, medicines
Parliamentary Under-Secretary of State for Quality, NHS Constitution, primary care, medicines
Secretary of State for Health 
Minister of State for Health
Parliamentary Under-Secretary of State for Public health
Parliamentary Under Secretary of State for Public health
Secretary of State for Environment, Food and Rural Affairs 
Minister of State, Environment, Food and Rural Affairs
Minister of State for Environment, Food and Rural Affairs
Parliamentary Under Secretary of State, Environment, Food and Rural Affairs
Parliamentary Under-Secretary of State, Environment, Food and Rural Affairs
Secretary of State for International Development 
Minister of State for International Development 
Parliamentary Under Secretary of State
Parliamentary Under-Secretary of State
Parliamentary Under-Secretary of State for International Development
Secretary of State for Scotland
Secretary of State for Energy and Climate Change
Minister of State for Business, Innovation and Skills
Parliamentary Under Secretary of State for Energy and Climate Change
Parliamentary Under Secretary of State, Energy and Climate Change
Parliamentary Under-Secretary of State for Energy and Climate Change
Parliamentary Under-Secretary of State, Energy and Climate Change
Secretary of State for Transport 
Parliamentary Under Secretary of State for Transport
Parliamentary Under Secretary of State, Transport
Parliamentary Under-Secretary of State for Transport
Parliamentary Under-Secretary of State, Transport
Secretary of State for Culture, Media and Sport 
Minister for Women and Equalities
Minister for Women
Second Church Estates Commissioner
Minister of State 
Parliamentary Under Secretary of State, Women and Equalities
Parliamentary Under Secretary of State for Women and Equalities
Parliamentary Under Secretary of State, Department for Business, Innovation and Skills
Parliamentary Under Secretary of State, Welfare Reform
Parliamentary Under Secretary of State (Welfare Reform)
Parliamentary Under-Secretary of State, Women and Equalities
Parliamentary Under-Secretary of State for Women and Equalities
Parliamentary Under-Secretary of State, Department for Business, Innovation and Skills
Parliamentary Under-Secretary of State, Welfare Reform
Parliamentary Under-Secretary of State (Welfare Reform)
Secretary of State for Northern Ireland  
Secretary of State for Wales
Secretary of State for Education and Skills
Parliamentary Under Secretary of State
Lord Commissioner of HM Treasury (Whip)
Parliamentary Under Secretary of State 
Lord Commissioner of HM Treasury
Leader of the House of Lords, Chancellor of the Duchy of Lancaster 
Leader of the House of Lords
Deputy Leader of the House of Lords 
Minister of State at the Ministry of Justice
Leader of the House of Commons, Lord Privy Seal
Parliamentary Secretary (Deputy Leader) 
Parliamentary Secretary, Deputy Leader 
Parliamentary Secretary
Paymaster General
Minister for the Cabinet Office, Paymaster General 
Minister for Government Policy 
Minister of State
Parliamentary Secretary
Attorney General 
Attorney-General 
Solicitor General 
The Solicitor-General
Solicitor-General
Advocate General for Scotland 
Chief Whip (Parliamentary Secretary to the Treasury) 
Deputy Chief Whip (Treasurer of HM Household) 
Deputy Chief Whip  (Comptroller of HM Household) 
Government Whip (Vice Chamberlain of HM Household) 
Junior Lords of the Treasury
Treasurer of HM Household
Government Whip 
Lord Commissioner of HM Treasury
Assistant Government Whip
Lords Chief Whip
Parliamentary Secretary to the Treasury
Parliamentary Under-Secretary of State for Business, Enterprise and Regulatory Reform 
Deputy Chief Whip
Chief Whip
First Deputy Chairman of Ways and Means 
Chairman
Speaker
Mr Speaker
Madam Speaker
Mr. Speaker
Madam. Speaker
Minister of State, Department of Health
Secretary of State for Justice and Lord Chancellor
Lord Commissioner of Her Majesty's Treasury
First Deputy Chairman
Leader of the House of Commons
Deputy Leader of the House of Commons 
Minister for Housing
Madam Deputy Speaker
Madam Prime Minister
Mr President
Madam Secretary
Secretary General
President
Mr. Deputy Speaker
Mr Deputy Speaker
Minister for Children and Families
Secretary of State for Overall responsibility
Minister for Local Environment, Marine and Animal Welfare
Minister for Climate Change and the Environment
Minister for Industry and the Regions
Minister for Science and Innovation
Parliamentary Under-Secretary of State for Trade and Industry
Secretary of State for Trade and Industry
Minister for Sport
Minister for Pensions Reform
Secretary of State, Overall responsibility
Minister of State for Care services, mental health, disabilities
Economic Secretary to the Treasury
Minister of State, Care services, mental health, disabilities
Parliamentary Under Secretary of State Health services
Parliamentary Under-Secretary of State Health services
Parliamentary Under Secretary of State for Public health, devolved matters
Parliamentary Under Secretary of State for Quality, NHS Constitution, primary care, medicines
Parliamentary Under-Secretary of State for Public health, devolved matters
Parliamentary Under-Secretary of State for Quality, NHS Constitution, primary care, medicines
Chief Medical Officer for England  
Chief Nursing Officer 
Chief Scientific Officer 
Chief Dental Officer for England 
Chief Health Professions Officer 
Chief Pharmaceutical Officer
General
