Animals Count&short_form=AC
Alliance Party&short_form=AP
British National Party&short_form=BNP
Conservative party&short_form=CON
Christian Party-Christian Peoples Alliance&short_form=CPCPA
Democratic Unionist Party&short_form=DUP
Dup&Full_Party_Name=Democratic Unionist Party
English Democrat&short_form=English Dem
Fair Play Fair Trade Party&short_form=FPFT
Green Party&short_form=GRN&other_short_form=Greens
Independent party&short_form=Ind&other_short_form=Independents
Jury Team&short_form=JT
Labour&short_form=LAB
Liberal Democrats&short_form=LD
Liberal Democrats&short_form=Lib-Dem
Libertas&short_form=LIB-EU
Mebyon Kernow&short_form=MK
No2EU&short_form=NO2EU		 
Plaid Cymru&short_form=PC
Pensioners Party&short_form=PP
The Roman Party&short_form=Roman Party
Social Democratic and Labour Party&short_form=SDLP
Sinn Fein&short_form=SF
Socialist Labour Party&short_form=SLP
Scottish National Party&short_form=SNP
Socialist Party of Great Britain&short_form=SPGB
Scottish Socialist Party&short_form=SSP
The Peace Party&short_form=TPP
Traditional Unionist Voice&short_form=TUV
Ulster Conservatives and Unionists&short_form=UCUNF
United Kingdom First&short_form=UKF
UK Independence Party&short_form=UKIP
Wai D&short_form=WAID
Yes 2 Europe&short_form=Y2E
Labour/Co-operative&short_form=Labour/Co-op