AC&Full_Party_Name=Animals Count
AP&Full_Party_Name=Alliance Party
BNP&Full_Party_Name=British National Party
CON&Full_Party_Name=Conservative
Con&Full_Party_Name=Conservative
CPCPA&Full_Party_Name=Christian Party-Christian Peoples Alliance
DUP&Full_Party_Name=Democratic Unionist Party
Dup&Full_Party_Name=Democratic Unionist Party
English Dem&Full_Party_Name=English Democrat
FPFT&Full_Party_Name=Fair Play Fair Trade Party
GRN&Full_Party_Name=Green Party
IND&Full_Party_Name=Independent
Ind&Full_Party_Name=Independent
JT&Full_Party_Name=Jury Team
LAB&Full_Party_Name=Labour
Lab&Full_Party_Name=Labour
LD&Full_Party_Name=Liberal Democrats
Lib-Dem&Full_Party_Name=Liberal Democrats
LIB-DEM&Full_Party_Name=Liberal Democrats
LIB-EU&Full_Party_Name=Libertas
MK&Full_Party_Name=Mebyon Kernow
NO2EU&Full_Party_Name=No2EU		 
PC&Full_Party_Name=Plaid Cymru
PP&Full_Party_Name=Pensioners Party
ROMAN&Full_Party_Name=The Roman Party
SDLP&Full_Party_Name=Social Democratic and Labour Party
SF&Full_Party_Name=Sinn Fein
SLP&Full_Party_Name=Socialist Labour Party
SNP&Full_Party_Name=Scottish National Party
SPGB&Full_Party_Name=Socialist Party of Great Britain
SSP&Full_Party_Name=Scottish Socialist Party
TPP&Full_Party_Name=The Peace Party
TUV&Full_Party_Name=Traditional Unionist Voice
UCUNF&Full_Party_Name=Ulster Conservatives and Unionists
UKF&Full_Party_Name=United Kingdom First
UKIP&Full_Party_Name=UK Independence Party
WAID&Full_Party_Name=Wai D
Y2E&Full_Party_Name=Yes 2 Europe
Lab/Co-op&Full_Party_Name=Labour and Co-operative