A Bird In The Hand Is Worth Two In The Bush&subjectivityLevel=strongsubj&priorpolarity=positive 
a bird in the hand is worth two in the bush&subjectivityLevel=strongsubj&priorpolarity=positive 
A bird in the hand is worth two in the bush&subjectivityLevel=strongsubj&priorpolarity=positive 
A bitter pill&subjectivityLevel=strongsubj&priorpolarity=negative
bitter pill&subjectivityLevel=strongsubj&priorpolarity=negative
a bitter pill&subjectivityLevel=strongsubj&priorpolarity=negative
Ace in the hole&subjectivityLevel=strongsubj&priorpolarity=neutral
ace in the hole&subjectivityLevel=strongsubj&priorpolarity=neutral
Achilles heel&subjectivityLevel=strongsubj&priorpolarity=negative
achilles heel&subjectivityLevel=strongsubj&priorpolarity=negative
Achilles heels&subjectivityLevel=strongsubj&priorpolarity=negative
achilles heels&subjectivityLevel=strongsubj&priorpolarity=negative
Add insult to injury&subjectivityLevel=strongsubj&priorpolarity=negative
add insult to injury&subjectivityLevel=strongsubj&priorpolarity=negative
All ears&subjectivityLevel=strongsubj&priorpolarity=positive
all ears&subjectivityLevel=strongsubj&priorpolarity=positive
AlL thumbs&subjectivityLevel=strongsubj&priorpolarity=negative
all thumbs&subjectivityLevel=strongsubj&priorpolarity=negative
Basket case&subjectivityLevel=strongsubj&priorpolarity=negative
basket case&subjectivityLevel=strongsubj&priorpolarity=negative
Knee jerk reaction&subjectivityLevel=strongsubj&priorpolarity=negative
Knee-jerk reaction&subjectivityLevel=strongsubj&priorpolarity=negative
Basket cases&subjectivityLevel=strongsubj&priorpolarity=negative
basket cases&subjectivityLevel=strongsubj&priorpolarity=negative
Bite the dust&subjectivityLevel=strongsubj&priorpolarity=negative
bite the dust&subjectivityLevel=strongsubj&priorpolarity=negative
Bites the dust&subjectivityLevel=strongsubj&priorpolarity=negative
bites the dust&subjectivityLevel=strongsubj&priorpolarity=negative
Bitten the dust&subjectivityLevel=strongsubj&priorpolarity=negative
bitten the dust&subjectivityLevel=strongsubj&priorpolarity=negative
Burn the midnight oil&subjectivityLevel=strongsubj&priorpolarity=positive
burn the midnight oil&subjectivityLevel=strongsubj&priorpolarity=positive
Bust one's chops&subjectivityLevel=strongsubj&priorpolarity=negative
By the seat of one's pants&subjectivityLevel=strongsubj&priorpolarity=positive
By the skin of your teeth&subjectivityLevel=strongsubj&priorpolarity=positive
Call it a day&subjectivityLevel=strongsubj&priorpolarity=neutral
Cat nap&subjectivityLevel=strongsubj&priorpolarity=neutral
Chew the fat&subjectivityLevel=strongsubj&priorpolarity=negative
Chink in armor&subjectivityLevel=strongsubj&priorpolarity=negative
Clam up&subjectivityLevel=strongsubj&priorpolarity=positive
Cold shoulder&subjectivityLevel=strongsubj&priorpolarity=negative
Couch potato&subjectivityLevel=strongsubj&priorpolarity=negative
Cut a rug&subjectivityLevel=strongsubj&priorpolarity=positive
Cut the cheese&subjectivityLevel=strongsubj&priorpolarity=negative
cuts the cheese&subjectivityLevel=strongsubj&priorpolarity=negative
Don't have a cow&subjectivityLevel=strongsubj&priorpolarity=positive
Drop a dime&subjectivityLevel=strongsubj&priorpolarity=neutral
Fit as a fiddle&subjectivityLevel=strongsubj&priorpolarity=positive
For a song&subjectivityLevel=strongsubj&priorpolarity=positive
From A to Z&subjectivityLevel=strongsubj&priorpolarity=positive
Make from scratch&subjectivityLevel=strongsubj&priorpolarity=neutral
Bent out of shape&subjectivityLevel=strongsubj&priorpolarity=negative
Have a blast&subjectivityLevel=strongsubj&priorpolarity=neutral
eyes in the back of your head&subjectivityLevel=strongsubj&priorpolarity=positive
Hit the road&subjectivityLevel=strongsubj&priorpolarity=neutral
Let the cat out of the bag&subjectivityLevel=strongsubj&priorpolarity=neutral
Off her trolley&subjectivityLevel=strongsubj&priorpolarity=negative
Off his trolley&subjectivityLevel=strongsubj&priorpolarity=negative
Pop his clog&subjectivityLevel=strongsubj&priorpolarity=negative
Pop her clog&subjectivityLevel=strongsubj&priorpolarity=negative
Put the cat amongst the pigeons&subjectivityLevel=strongsubj&priorpolarity=negative
Pushing up daisies&subjectivityLevel=strongsubj&priorpolarity=negative
Right as rain&subjectivityLevel=strongsubj&priorpolarity=positive
Screw the pooch&subjectivityLevel=strongsubj&priorpolarity=negative
Shoot the breeze&subjectivityLevel=strongsubj&priorpolarity=negative
Sleep with the fishes&subjectivityLevel=strongsubj&priorpolarity=negative
Spilt the beans&subjectivityLevel=strongsubj&priorpolarity=neutral
Spill the beans&subjectivityLevel=strongsubj&priorpolarity=neutral
Split the whistle&subjectivityLevel=strongsubj&priorpolarity=positive
Take the biscuit&subjectivityLevel=strongsubj&priorpolarity=negative
Through thick and thin&subjectivityLevel=strongsubj&priorpolarity=neutral
Thumb one's nose&subjectivityLevel=strongsubj&priorpolarity=negative
Trip the light fantastic&subjectivityLevel=strongsubj&priorpolarity=positive
You can say that again&subjectivityLevel=strongsubj&priorpolarity=positive 
A Blessing In Disguise&subjectivityLevel=strongsubj&priorpolarity=positive 
A Chip On Your Shoulder&subjectivityLevel=strongsubj&priorpolarity=negative 
A Dime A Dozen&subjectivityLevel=strongsubj&priorpolarity=neutral 
A Doubting Thomas&subjectivityLevel=strongsubj&priorpolarity=neutral 
A Drop in the Bucket&subjectivityLevel=strongsubj&priorpolarity=neutral  
A Fool And His Money Are Easily Parted&subjectivityLevel=strongsubj&priorpolarity=negative  
A House Divided Against Itself Cannot Stand&subjectivityLevel=strongsubj&priorpolarity=negative  
A Leopard Can't Change His Spots&subjectivityLevel=strongsubj&priorpolarity=neutral 
A Penny Saved Is A Penny Earned&subjectivityLevel=strongsubj&priorpolarity=positive  
A Picture Paints a Thousand Words&subjectivityLevel=strongsubj&priorpolarity=neutral  
A Piece of Cake&subjectivityLevel=strongsubj&priorpolarity=neutral 
A Slap on the Wrist&subjectivityLevel=strongsubj&priorpolarity=positive
A Taste Of Your Own Medicine&subjectivityLevel=strongsubj&priorpolarity=negative 
A Toss-Up&subjectivityLevel=strongsubj&priorpolarity=neutral 
Actions Speak Louder Than Words&subjectivityLevel=strongsubj&priorpolarity=neutral
Add Fuel To The Fire&subjectivityLevel=strongsubj&priorpolarity=negative 
Against The Clock&subjectivityLevel=strongsubj&priorpolarity=negative 
All Bark And No Bite&subjectivityLevel=strongsubj&priorpolarity=negative
All Greek to me&subjectivityLevel=strongsubj&priorpolarity=negative 
All In The Same Boat&subjectivityLevel=strongsubj&priorpolarity=neutral 
An Arm And A Leg&subjectivityLevel=strongsubj&priorpolarity=negative 
An Axe To Grind&subjectivityLevel=strongsubj&priorpolarity=negative 
Apple of My Eye&subjectivityLevel=strongsubj&priorpolarity=positive 
As High As A Kite&subjectivityLevel=strongsubj&priorpolarity=neutral  
At The Drop Of A Hat&subjectivityLevel=strongsubj&priorpolarity=positive 
Back Seat Driver&subjectivityLevel=strongsubj&priorpolarity=negative
Back To Square One&subjectivityLevel=strongsubj&priorpolarity=negative 
Back To The Drawing Board&subjectivityLevel=strongsubj&priorpolarity=negative
Baker's Dozen&subjectivityLevel=strongsubj&priorpolarity=neutral  
Barking Up The Wrong Tree&subjectivityLevel=strongsubj&priorpolarity=negative 
Beat A Dead Horse&subjectivityLevel=strongsubj&priorpolarity=negative 
Beating Around The Bush&subjectivityLevel=strongsubj&priorpolarity=negative
Bend Over Backwards&subjectivityLevel=strongsubj&priorpolarity=positive 
Between A Rock And A Hard Place&subjectivityLevel=strongsubj&priorpolarity=negative
Bite Off More Than You Can Chew&subjectivityLevel=strongsubj&priorpolarity=negative  
Bite Your Tongue&subjectivityLevel=strongsubj&priorpolarity=neutral 
Blood Is Thicker Than Water&subjectivityLevel=strongsubj&priorpolarity=neutral 
Blue Moon&subjectivityLevel=strongsubj&priorpolarity=neutral  
Break A Leg&subjectivityLevel=strongsubj&priorpolarity=positive  
Buy A Lemon&subjectivityLevel=strongsubj&priorpolarity=negative
Drop the ball&subjectivityLevel=strongsubj&priorpolarity=negative  
Can't Cut The Mustard&subjectivityLevel=strongsubj&priorpolarity=negative 
Cast Iron Stomach&subjectivityLevel=strongsubj&priorpolarity=positive 
Charley Horse&subjectivityLevel=strongsubj&priorpolarity=negative 
Chew someone out&subjectivityLevel=strongsubj&priorpolarity=negative 
Chip on his Shoulder&subjectivityLevel=strongsubj&priorpolarity=negative 
Chow Down&subjectivityLevel=strongsubj&priorpolarity=neutral 
Close but no Cigar&subjectivityLevel=strongsubj&priorpolarity=negative
Cock and Bull Story&subjectivityLevel=strongsubj&priorpolarity=negative 
Come Hell Or High Water&subjectivityLevel=strongsubj&priorpolarity=neutral 
Crack Someone Up&subjectivityLevel=strongsubj&priorpolarity=positive 
Cross Your Fingers&subjectivityLevel=strongsubj&priorpolarity=neutral 
Cry Over Spilt Milk&subjectivityLevel=strongsubj&priorpolarity=negative
Cry Wolf&subjectivityLevel=strongsubj&priorpolarity=negative 
Cup Of Joe&subjectivityLevel=strongsubj&priorpolarity=neutral
Curiosity Killed The Cat&subjectivityLevel=strongsubj&priorpolarity=negative 
Cut to the Chase&subjectivityLevel=strongsubj&priorpolarity=neutral
Dark Horse&subjectivityLevel=strongsubj&priorpolarity=neutral 
Dead Ringer&subjectivityLevel=strongsubj&priorpolarity=neutral
Devil's Advocate&subjectivityLevel=strongsubj&priorpolarity=neutral
Dog Days of Summer&subjectivityLevel=strongsubj&priorpolarity=negative 
Don't count your chickens before they hatch&subjectivityLevel=strongsubj&priorpolarity=neutral 
Don't Look A Gift Horse In The Mouth&subjectivityLevel=strongsubj&priorpolarity=neutral
Don't Put All Your Eggs In One Basket&subjectivityLevel=strongsubj&priorpolarity=neutral 
Doozy&subjectivityLevel=strongsubj&priorpolarity=positive 
Down To The Wire&subjectivityLevel=strongsubj&priorpolarity=neutral
Drastic Times Call For Drastic Measures&subjectivityLevel=strongsubj&priorpolarity=neutral
Drink like a fish&subjectivityLevel=strongsubj&priorpolarity=negative
Drive someone up the wall&subjectivityLevel=strongsubj&priorpolarity=negative 
Dropping Like Flies&subjectivityLevel=strongsubj&priorpolarity=negative
Dry Run&subjectivityLevel=strongsubj&priorpolarity=neutral
Eighty Six&subjectivityLevel=strongsubj&priorpolarity=neutral
Elvis has left the building&subjectivityLevel=strongsubj&priorpolarity=neutral
Ethnic Cleansing&subjectivityLevel=strongsubj&priorpolarity=negative 
Every Cloud Has A Silver Lining&subjectivityLevel=strongsubj&priorpolarity=positive 
Everything But The Kitchen Sink&subjectivityLevel=strongsubj&priorpolarity=neutral
Excuse my French&subjectivityLevel=strongsubj&priorpolarity=neutral
Cock and Bull Story&subjectivityLevel=strongsubj&priorpolarity=negative
Feeding Frenzy&subjectivityLevel=strongsubj&priorpolarity=negative 
Field Day&subjectivityLevel=strongsubj&priorpolarity=neutral 
Finding Your Feet&subjectivityLevel=strongsubj&priorpolarity=positive 
Finger lickin' good&subjectivityLevel=strongsubj&priorpolarity=positive
Fixed In Your Ways&subjectivityLevel=strongsubj&priorpolarity=negative 
Flash In The Pan&subjectivityLevel=strongsubj&priorpolarity=negative
Flea Market&subjectivityLevel=strongsubj&priorpolarity=neutral 
Flesh and Blood&subjectivityLevel=strongsubj&priorpolarity=neutral
Flip The Bird&subjectivityLevel=strongsubj&priorpolarity=negative
Foam at the Mouth&subjectivityLevel=strongsubj&priorpolarity=negative 
Fools' Gold&subjectivityLevel=strongsubj&priorpolarity=neutral
French Kiss&subjectivityLevel=strongsubj&priorpolarity=neutral
From Rags To Riches&subjectivityLevel=strongsubj&priorpolarity=positive 
Fuddy-duddy&subjectivityLevel=strongsubj&priorpolarity=negative
Full Monty&subjectivityLevel=strongsubj&priorpolarity=neutral 
Funny Farm&subjectivityLevel=strongsubj&priorpolarity=neutral
Get Down to Brass Tacks&subjectivityLevel=strongsubj&priorpolarity=positive
Get Over It&subjectivityLevel=strongsubj&priorpolarity=neutral 
Get Up On The Wrong Side Of The Bed&subjectivityLevel=strongsubj&priorpolarity=negative
Get Your Walking Papers&subjectivityLevel=strongsubj&priorpolarity=negative 
Give Him The Slip&subjectivityLevel=strongsubj&priorpolarity=neutral
Go Down Like A Lead Balloon&subjectivityLevel=strongsubj&priorpolarity=negative
Go For Broke&subjectivityLevel=strongsubj&priorpolarity=negative
Go Out On A Limb&subjectivityLevel=strongsubj&priorpolarity=negative
Go The Extra Mile&subjectivityLevel=strongsubj&priorpolarity=positive
Good Samaritan&subjectivityLevel=strongsubj&priorpolarity=positive
Graveyard Shift&subjectivityLevel=strongsubj&priorpolarity=negative
Great Minds Think Alike&subjectivityLevel=strongsubj&priorpolarity=positive 
Green Room&subjectivityLevel=strongsubj&priorpolarity=neutral
Gut Feeling&subjectivityLevel=strongsubj&priorpolarity=neutral
Haste Makes Waste&subjectivityLevel=strongsubj&priorpolarity=negative
Hat Trick&subjectivityLevel=strongsubj&priorpolarity=neutral
Have an Axe to Grind&subjectivityLevel=strongsubj&priorpolarity=negative
He Lost His Head&subjectivityLevel=strongsubj&priorpolarity=negative
Head Over Heels&subjectivityLevel=strongsubj&priorpolarity=positive
Hell in a Handbasket&subjectivityLevel=strongsubj&priorpolarity=negative
High Five&subjectivityLevel=strongsubj&priorpolarity=positive 
High on the Hog&subjectivityLevel=strongsubj&priorpolarity=positive
Hit The Books&subjectivityLevel=strongsubj&priorpolarity=neutral
Hit The Hay&subjectivityLevel=strongsubj&priorpolarity=neutral
Hit The Nail on the Head&subjectivityLevel=strongsubj&priorpolarity=positive 
Hit The Sack&subjectivityLevel=strongsubj&priorpolarity=neutral
Hit the wall&subjectivityLevel=strongsubj&priorpolarity=negative
Hocus Pocus&subjectivityLevel=strongsubj&priorpolarity=neutral
Hold Your Horses&subjectivityLevel=strongsubj&priorpolarity=neutral
Icing On The Cake&subjectivityLevel=strongsubj&priorpolarity=positive
Idle Hands Are The Devil's Tools&subjectivityLevel=strongsubj&priorpolarity=negative
If It's Not One Thing, It's Another&subjectivityLevel=strongsubj&priorpolarity=negative 
In Like Flynn&subjectivityLevel=strongsubj&priorpolarity=positive
In The Bag&subjectivityLevel=strongsubj&priorpolarity=positive
In The Buff&subjectivityLevel=strongsubj&priorpolarity=neutral
In The Heat Of The Moment&subjectivityLevel=strongsubj&priorpolarity=negative
In Your Face&subjectivityLevel=strongsubj&priorpolarity=negative
It Takes Two To Tango&subjectivityLevel=strongsubj&priorpolarity=neutral
It's A Small World&subjectivityLevel=strongsubj&priorpolarity=neutral
Its Anyone's Call&subjectivityLevel=strongsubj&priorpolarity=neutral
Jaywalk&subjectivityLevel=strongsubj&priorpolarity=negative
Joshing Me&subjectivityLevel=strongsubj&priorpolarity=negative
Keep An Eye on&subjectivityLevel=strongsubj&priorpolarity=neutral
Keep body and soul together&subjectivityLevel=strongsubj&priorpolarity=positive
Keep your chin up&subjectivityLevel=strongsubj&priorpolarity=positive
Kick The Bucket&subjectivityLevel=strongsubj&priorpolarity=negative
Kitty-corner&subjectivityLevel=strongsubj&priorpolarity=neutral
Knee Jerk Reaction&subjectivityLevel=strongsubj&priorpolarity=negative 
Knock On Wood&subjectivityLevel=strongsubj&priorpolarity=neutral
Know the Ropes&subjectivityLevel=strongsubj&priorpolarity=positive
Last but not least&subjectivityLevel=strongsubj&priorpolarity=positive
Lend Me Your Ear&subjectivityLevel=strongsubj&priorpolarity=neutral
Let Bygones Be Bygones&subjectivityLevel=strongsubj&priorpolarity=positive 
Let Sleeping Dogs Lie&subjectivityLevel=strongsubj&priorpolarity=positive 
Let The Cat Out Of The Bag&subjectivityLevel=strongsubj&priorpolarity=positive
Level playing field&subjectivityLevel=strongsubj&priorpolarity=positive
Like a chicken with its head cut off&subjectivityLevel=strongsubj&priorpolarity=negative
liquor someone up&subjectivityLevel=strongsubj&priorpolarity=negative
Long in the Tooth&subjectivityLevel=strongsubj&priorpolarity=neutral
Loose Cannon&subjectivityLevel=strongsubj&priorpolarity=negative
Make No Bones About&subjectivityLevel=strongsubj&priorpolarity=neutral
Method To My Madness&subjectivityLevel=strongsubj&priorpolarity=positive
Mumbo Jumbo&subjectivityLevel=strongsubj&priorpolarity=negative
Mum's the word&subjectivityLevel=strongsubj&priorpolarity=neutral
Nest Egg&subjectivityLevel=strongsubj&priorpolarity=positive 
Never Bite The Hand That Feeds You&subjectivityLevel=strongsubj&priorpolarity=positive 
New kid on the block&subjectivityLevel=strongsubj&priorpolarity=neutral
New York Minute&subjectivityLevel=strongsubj&priorpolarity=neutral
No Dice&subjectivityLevel=strongsubj&priorpolarity=negative
No Room to Swing a Cat&subjectivityLevel=strongsubj&priorpolarity=neutral
Not Playing With a Full Deck&subjectivityLevel=strongsubj&priorpolarity=negative
Off On The Wrong Foot&subjectivityLevel=strongsubj&priorpolarity=negative
Off The Hook&subjectivityLevel=strongsubj&priorpolarity=positive
Off the Record&subjectivityLevel=strongsubj&priorpolarity=neutral
On Pins And Needles&subjectivityLevel=strongsubj&priorpolarity=negative
On The Fence&subjectivityLevel=strongsubj&priorpolarity=negative
On The Same Page&subjectivityLevel=strongsubj&priorpolarity=positive
Out Of The Blue&subjectivityLevel=strongsubj&priorpolarity=neutral
Out On A Limb&subjectivityLevel=strongsubj&priorpolarity=negative
Out On The Town&subjectivityLevel=strongsubj&priorpolarity=neutral
Over My Dead Body&subjectivityLevel=strongsubj&priorpolarity=neutral
Over the Top&subjectivityLevel=strongsubj&priorpolarity=negative
Pass The Buck&subjectivityLevel=strongsubj&priorpolarity=negative
Pedal to the metal&subjectivityLevel=strongsubj&priorpolarity=neutral
Peeping Tom&subjectivityLevel=strongsubj&priorpolarity=negative
Pick up your ears&subjectivityLevel=strongsubj&priorpolarity=neutral
Pig In A Poke&subjectivityLevel=strongsubj&priorpolarity=negative
Pig Out&subjectivityLevel=strongsubj&priorpolarity=negative
Pipe Down&subjectivityLevel=strongsubj&priorpolarity=negative
Practice Makes Perfect&subjectivityLevel=strongsubj&priorpolarity=positive
Pull the plug&subjectivityLevel=strongsubj&priorpolarity=negative 
Pulling Your Leg&subjectivityLevel=strongsubj&priorpolarity=positive
Put a sock in it&subjectivityLevel=strongsubj&priorpolarity=negative 
Queer the pitch&subjectivityLevel=strongsubj&priorpolarity=negative  
Raincheck&subjectivityLevel=strongsubj&priorpolarity=neutral
Raining Cats and Dogs&subjectivityLevel=strongsubj&priorpolarity=neutral
Ring Fencing&subjectivityLevel=strongsubj&priorpolarity=positive
Rise and Shine&subjectivityLevel=strongsubj&priorpolarity=neutral
Rome Was Not Built In One Day&subjectivityLevel=strongsubj&priorpolarity=neutral
Rule Of Thumb&subjectivityLevel=strongsubj&priorpolarity=neutral 
Run out of steam&subjectivityLevel=strongsubj&priorpolarity=negative 
Saved By The Bell&subjectivityLevel=strongsubj&priorpolarity=positive
Scapegoat&subjectivityLevel=strongsubj&priorpolarity=negative 
Scot-free&subjectivityLevel=strongsubj&priorpolarity=positive 
Sick As A Dog&subjectivityLevel=strongsubj&priorpolarity=negative 
Sitting Shotgun&subjectivityLevel=strongsubj&priorpolarity=neutral
Sixth Sense&subjectivityLevel=strongsubj&priorpolarity=neutral
Skid Row&subjectivityLevel=strongsubj&priorpolarity=negative 
Smell A Rat&subjectivityLevel=strongsubj&priorpolarity=negative 
Smell Something Fishy&subjectivityLevel=strongsubj&priorpolarity=negative 
Son of a Gun&subjectivityLevel=strongsubj&priorpolarity=negative 
Southpaw&subjectivityLevel=strongsubj&priorpolarity=neutral
Spitting Image&subjectivityLevel=strongsubj&priorpolarity=neutral
Start From Scratch&subjectivityLevel=strongsubj&priorpolarity=neutral
The Ball Is In Your Court&subjectivityLevel=strongsubj&priorpolarity=neutral
The Best Of Both Worlds&subjectivityLevel=strongsubj&priorpolarity=neutral
The Bigger They Are The Harder They Fall&subjectivityLevel=strongsubj&priorpolarity=neutral
The Last Straw&subjectivityLevel=strongsubj&priorpolarity=negative 
The Whole Nine Yards&subjectivityLevel=strongsubj&priorpolarity=neutral
Third times a charm&subjectivityLevel=strongsubj&priorpolarity=neutral
Tie the knot&subjectivityLevel=strongsubj&priorpolarity=positive
Til the cows come home&subjectivityLevel=strongsubj&priorpolarity=neutral
To Make A Long Story Short&subjectivityLevel=strongsubj&priorpolarity=neutral
To Steal Someone's Thunder&subjectivityLevel=strongsubj&priorpolarity=negative 
Tongue-in-cheek&subjectivityLevel=strongsubj&priorpolarity=neutral
Turn A Blind Eye&subjectivityLevel=strongsubj&priorpolarity=neutral
Twenty three skidoo&subjectivityLevel=strongsubj&priorpolarity=negative
Under the weather&subjectivityLevel=strongsubj&priorpolarity=negative 
Up a blind alley&subjectivityLevel=strongsubj&priorpolarity=negative 
Use Your Loaf&subjectivityLevel=strongsubj&priorpolarity=neutral
Van Gogh's ear for music&subjectivityLevel=strongsubj&priorpolarity=neutral
Variety Is The Spice Of Life&subjectivityLevel=strongsubj&priorpolarity=neutral
Wag the Dog&subjectivityLevel=strongsubj&priorpolarity=negative
Water Under The Bridge&subjectivityLevel=strongsubj&priorpolarity=positive
Wear Your Heart On Your Sleeve&subjectivityLevel=strongsubj&priorpolarity=positive
When It Rains, It Pours&subjectivityLevel=strongsubj&priorpolarity=neutral
When Pigs Fly&subjectivityLevel=strongsubj&priorpolarity=neutral
Wild and Woolly&subjectivityLevel=strongsubj&priorpolarity=negative 
Wine and Dine&subjectivityLevel=strongsubj&priorpolarity=neutral
Without A Doubt&subjectivityLevel=strongsubj&priorpolarity=neutral
X marks the spot&subjectivityLevel=strongsubj&priorpolarity=neutral
You Are What You Eat&subjectivityLevel=strongsubj&priorpolarity=neutral
Judge A Book By Its Cover&subjectivityLevel=strongsubj&priorpolarity=neutral
Your Guess Is As Good As Mine&subjectivityLevel=strongsubj&priorpolarity=negative 
Zero Tolerance&subjectivityLevel=strongsubj&priorpolarity=neutral
Alice in Wonderland&subjectivityLevel=strongsubj&priorpolarity=negative
Alice in wonderland&subjectivityLevel=strongsubj&priorpolarity=negative
Dream land&subjectivityLevel=strongsubj&priorpolarity=negative
la la land&subjectivityLevel=strongsubj&priorpolarity=negative